// Jest Snapshot v1, https://goo.gl/fbAQLP

exports[`ReportPanel initialize with an empty string results props should render to match with snapshot 1`] = `
<div
  className="report-panel-wrapper"
  id="report-panel-wrapper"
>
  <span
    className="report-panel-label"
  >
    Results:
  </span>
  <div
    className="report-panel-results"
    id="report-panel-results"
  />
</div>
`;
