// Jest Snapshot v1, https://goo.gl/fbAQLP

exports[`InputPanel render should render to match with snapshot 1`] = `
<div
  className="input-commands-panel-wrapper"
>
  <span
    className="input-label"
  >
    Please input commands
  </span>
  <textarea
    className="input-commands-textarea"
    onChange={[Function]}
    rows={20}
  />
</div>
`;
